Archive member included because of file (symbol)

c:/Espressif/ESP8266_SDK/lib\libmain.a(debug-vector.o)
                              (_DebugExceptionVector)
c:/Espressif/ESP8266_SDK/lib\libmain.a(double-vector.o)
                              (_DoubleExceptionVector)
c:/Espressif/ESP8266_SDK/lib\libmain.a(kernel-vector.o)
                              (_KernelExceptionVector)
c:/Espressif/ESP8266_SDK/lib\libmain.a(nmi-vector.o)
                              (_NMIExceptionVector)
c:/Espressif/ESP8266_SDK/lib\libmain.a(user-vector.o)
                              (_UserExceptionVector)
c:/Espressif/ESP8266_SDK/lib\libmain.a(vector.o)
                              (call_user_start)
c:/Espressif/ESP8266_SDK/lib\libmain.a(app_main.o)
                              c:/Espressif/ESP8266_SDK/lib\libmain.a(nmi-vector.o) (NMI_Handler)
c:/Espressif/ESP8266_SDK/lib\libmain.a(ets_timer.o)
                              c:/Espressif/ESP8266_SDK/lib\libmain.a(app_main.o) (ets_timer_setfn)
c:/Espressif/ESP8266_SDK/lib\libmain.a(mem_manager.o)
                              c:/Espressif/ESP8266_SDK/lib\libmain.a(app_main.o) (pvPortMalloc)
c:/Espressif/ESP8266_SDK/lib\libmain.a(spi_flash.o)
                              c:/Espressif/ESP8266_SDK/lib\libmain.a(app_main.o) (spi_flash_read)
c:/Espressif/ESP8266_SDK/lib\libmain.a(user_interface.o)
                              c:/Espressif/ESP8266_SDK/lib\libmain.a(app_main.o) (done_cb)
c:/Espressif/ESP8266_SDK/lib\libmain.a(eagle_lib.o)
                              c:/Espressif/ESP8266_SDK/lib\libmain.a(user_interface.o) (ets_sprintf)
c:/Espressif/ESP8266_SDK/lib\libmain.a(eagle_lwip_if.o)
                              c:/Espressif/ESP8266_SDK/lib\libmain.a(user_interface.o) (hostname)
c:/tools/sming/Sming/compiler/lib/\libsming.a(user_main.o)
                              c:/Espressif/ESP8266_SDK/lib\libmain.a(app_main.o) (user_init)
c:/tools/sming/Sming/compiler/lib/\libsming.a(System.o)
                              c:/tools/sming/Sming/compiler/lib/\libsming.a(user_main.o) (SystemClass::initialize())
c:/tools/sming/Sming/compiler/lib/\libsming.a(esp_cplusplus.o)
                              c:/tools/sming/Sming/compiler/lib/\libsming.a(user_main.o) (cpp_core_initialize)
c:/tools/sming/Sming/compiler/lib/\libsming.a(m_printf.o)
                              c:/tools/sming/Sming/compiler/lib/\libsming.a(esp_cplusplus.o) (m_printf)
c:/tools/sming/Sming/compiler/lib/\libsming.a(stringconversion.o)
                              c:/tools/sming/Sming/compiler/lib/\libsming.a(m_printf.o) (ltoa_w)
c:/tools/sming/Sming/compiler/lib/\libsming.a(IPAddress.o)
                              c:/tools/sming/Sming/compiler/lib/\libsming.a(user_main.o) (IPAddress::IPAddress(unsigned char, unsigned char, unsigned char, unsigned char))
c:/tools/sming/Sming/compiler/lib/\libsming.a(Print.o)
                              c:/tools/sming/Sming/compiler/lib/\libsming.a(IPAddress.o) (Print::print(char))
c:/tools/sming/Sming/compiler/lib/\libsming.a(WString.o)
                              c:/tools/sming/Sming/compiler/lib/\libsming.a(IPAddress.o) (String::~String())
c:/tools/sming/Sming/compiler/lib/\libsming.a(Interrupts.o)
                              c:/tools/sming/Sming/compiler/lib/\libsming.a(System.o) (noInterrupts())
c:/tools/sming/Sming/compiler/lib/\libsming.a(Digital.o)
                              c:/tools/sming/Sming/compiler/lib/\libsming.a(Interrupts.o) (pinMode(unsigned short, unsigned char))
out/build/app_app.a(application.o)
                              c:/tools/sming/Sming/compiler/lib/\libsming.a(user_main.o) (init())
c:/tools/sming/Sming/compiler/lib/\libmicroc.a(isspace.o)
                              c:/tools/sming/Sming/compiler/lib/\libsming.a(WString.o) (isspace)
c:/tools/sming/Sming/compiler/lib/\libmicroc.a(tolower.o)
                              c:/tools/sming/Sming/compiler/lib/\libsming.a(WString.o) (tolower)
c:/tools/sming/Sming/compiler/lib/\libmicroc.a(toupper.o)
                              c:/tools/sming/Sming/compiler/lib/\libsming.a(WString.o) (toupper)
c:/tools/sming/Sming/compiler/lib/\libmicroc.a(atof.o)
                              c:/tools/sming/Sming/compiler/lib/\libsming.a(WString.o) (atof)
c:/tools/sming/Sming/compiler/lib/\libmicroc.a(atoi.o)
                              c:/tools/sming/Sming/compiler/lib/\libsming.a(WString.o) (atoi)
c:/tools/sming/Sming/compiler/lib/\libmicroc.a(strtod.o)
                              c:/tools/sming/Sming/compiler/lib/\libmicroc.a(atof.o) (strtod)
c:/tools/sming/Sming/compiler/lib/\libmicroc.a(__fpclassify.o)
                              c:/tools/sming/Sming/compiler/lib/\libsming.a(stringconversion.o) (__fpclassifyd)
c:/tools/sming/Sming/compiler/lib/\libmicroc.a(strchr.o)
                              c:/tools/sming/Sming/compiler/lib/\libsming.a(WString.o) (strchr)
c:/tools/sming/Sming/compiler/lib/\libmicroc.a(strrchr.o)
[...]
Memory Configuration

Name             Origin             Length             Attributes
dport0_0_seg     0x3ff00000         0x00000010
dram0_0_seg      0x3ffe8000         0x00014000
iram1_0_seg      0x40100000         0x00008000
irom0_0_seg      0x40209000         0x00042000
*default*        0x00000000         0xffffffff

Linker script and memory map

START GROUP
LOAD c:/tools/sming/Sming/compiler/lib/\libmicroc.a
LOAD c:/tools/sming/Sming/compiler/lib/\libmicrogcc.a
LOAD c:/espressif/xtensa-lx106-elf/bin/../lib/gcc/xtensa-lx106-elf/5.1.0/../../../../xtensa-lx106-elf/lib\libhal.a
LOAD c:/Espressif/ESP8266_SDK/lib\libphy.a
LOAD c:/Espressif/ESP8266_SDK/lib\libpp.a
LOAD c:/Espressif/ESP8266_SDK/lib\libnet80211.a
LOAD c:/Espressif/ESP8266_SDK/lib\liblwip.a
LOAD c:/Espressif/ESP8266_SDK/lib\libwpa.a
LOAD c:/Espressif/ESP8266_SDK/lib\libmain.a
LOAD c:/tools/sming/Sming/compiler/lib/\libsming.a
LOAD c:/Espressif/ESP8266_SDK/lib\libcrypto.a
LOAD c:/Espressif/ESP8266_SDK/lib\libpwm.a
LOAD c:/Espressif/ESP8266_SDK/lib\libsmartconfig.a
LOAD out/build/app_app.a
END GROUP
                0x40000000                PROVIDE (_memmap_vecbase_reset, 0x40000000)
                0x00000110                _memmap_cacheattr_wb_base = 0x110
                0x00000110                _memmap_cacheattr_wt_base = 0x110
                0x00000220                _memmap_cacheattr_bp_base = 0x220
                0xfffff00f                _memmap_cacheattr_unused_mask = 0xfffff00f
                0x2222211f                _memmap_cacheattr_wb_trapnull = 0x2222211f
                0x2222211f                _memmap_cacheattr_wba_trapnull = 0x2222211f
                0x2222211f                _memmap_cacheattr_wbna_trapnull = 0x2222211f
                0x2222211f                _memmap_cacheattr_wt_trapnull = 0x2222211f
                0x2222222f                _memmap_cacheattr_bp_trapnull = 0x2222222f
                0xfffff11f                _memmap_cacheattr_wb_strict = 0xfffff11f
                0xfffff11f                _memmap_cacheattr_wt_strict = 0xfffff11f
                0xfffff22f                _memmap_cacheattr_bp_strict = 0xfffff22f
                0x22222112                _memmap_cacheattr_wb_allvalid = 0x22222112
                0x22222112                _memmap_cacheattr_wt_allvalid = 0x22222112
                0x22222222                _memmap_cacheattr_bp_allvalid = 0x22222222
                0x2222211f                PROVIDE (_memmap_cacheattr_reset, _memmap_cacheattr_wb_trapnull)

.dport0.rodata  0x3ff00000        0x0
                0x3ff00000                _dport0_rodata_start = ABSOLUTE (.)
 *(.dport0.rodata)
 *(.dport.rodata)
                0x3ff00000                _dport0_rodata_end = ABSOLUTE (.)

.dport0.literal
                0x3ff00000        0x0
                0x3ff00000                _dport0_literal_start = ABSOLUTE (.)
 *(.dport0.literal)
 *(.dport.literal)
                0x3ff00000                _dport0_literal_end = ABSOLUTE (.)

.dport0.data    0x3ff00000        0x0
                0x3ff00000                _dport0_data_start = ABSOLUTE (.)
 *(.dport0.data)
 *(.dport.data)
                0x3ff00000                _dport0_data_end = ABSOLUTE (.)

.data           0x3ffe8000      0x374
                0x3ffe8000                _data_start = ABSOLUTE (.)
 *(.data)
 .data          0x3ffe8000        0x4 c:/Espressif/ESP8266_SDK/lib\libmain.a(nmi-vector.o)
                0x3ffe8000                _Pri_3_HandlerAddress
 .data          0x3ffe8004        0x1 c:/Espressif/ESP8266_SDK/lib\libmain.a(app_main.o)
 *fill*         0x3ffe8005        0x3 
 .data          0x3ffe8008        0x6 c:/Espressif/ESP8266_SDK/lib\libmain.a(user_interface.o)
                0x3ffe8009                timer2_ms_flag
                0x3ffe800a                dhcps_flag
                0x3ffe800b                dhcpc_flag
                0x3ffe800d                reconnect_internal
 *fill*         0x3ffe800e        0x2 
 .data          0x3ffe8010        0x1 c:/Espressif/ESP8266_SDK/lib\libmain.a(eagle_lwip_if.o)
                0x3ffe8010                default_hostname
 *fill*         0x3ffe8011        0xf 
 .data          0x3ffe8020       0x53 c:/Espressif/ESP8266_SDK/lib\libphy.a(phy_chip_v6.o)
                0x3ffe8022                tx_rf_ana_gain
                0x3ffe8050                rx_gain_swp
                0x3ffe8070                test_rffreq_txcap
 *fill*         0x3ffe8073        0x1 
 .data          0x3ffe8074        0x4 c:/Espressif/ESP8266_SDK/lib\libphy.a(phy_sleep.o)
                0x3ffe8074                chip_version
 .data          0x3ffe8078        0x1 c:/Espressif/ESP8266_SDK/lib\libpp.a(pm.o)
 *fill*         0x3ffe8079        0x3 
 .data          0x3ffe807c        0x1 c:/Espressif/ESP8266_SDK/lib\libpp.a(pm_for_bcn_only_mode.o)
 *fill*         0x3ffe807d        0x3 
 .data          0x3ffe8080       0x1c c:/Espressif/ESP8266_SDK/lib\libpp.a(pp.o)
                0x3ffe8080                soft_wdt_interval
                0x3ffe8084                NoiseTimerInterval
                0x3ffe808c                sleep_start_wait_time
                0x3ffe8094                CanDoFreqCal
                0x3ffe8098                tcb
 *fill*         0x3ffe809c        0x4 
 .data          0x3ffe80a0       0x40 c:/Espressif/ESP8266_SDK/lib\libpp.a(rate_control.o)
 .data          0x3ffe80e0      0x24c c:/Espressif/ESP8266_SDK/lib\libpp.a(trc.o)
 .data          0x3ffe832c        0x8 c:/Espressif/ESP8266_SDK/lib\libpp.a(wdev.o)
 .data          0x3ffe8334        0x1 c:/Espressif/ESP8266_SDK/lib\libnet80211.a(ieee80211_hostap.o)
                0x3ffe8334                TmpSTAAPCloseAP
 *fill*         0x3ffe8335        0x3 
 .data          0x3ffe8338        0x1 c:/Espressif/ESP8266_SDK/lib\libnet80211.a(wl_cnx.o)
 *fill*         0x3ffe8339        0x7 
 .data          0x3ffe8340       0x1c c:/Espressif/ESP8266_SDK/lib\libnet80211.a(ieee80211_action.o)
 .data          0x3ffe835c        0x4 c:/Espressif/ESP8266_SDK/lib\liblwip.a(dhcp.o)
 .data          0x3ffe8360        0x5 c:/Espressif/ESP8266_SDK/lib\liblwip.a(dhcpserver.o)
                0x3ffe8360                dhcps_lease_time
 *fill*         0x3ffe8365        0x3 
 .data          0x3ffe8368        0x8 c:/Espressif/ESP8266_SDK/lib\liblwip.a(tcp.o)
 *(.data.*)
 .data.cbc_printchar
                0x3ffe8370        0x4 c:/tools/sming/Sming/compiler/lib/\libsming.a(m_printf.o)
                0x3ffe8370                cbc_printchar
 *(.gnu.linkonce.d.*)
 *(.data1)
 *(.sdata)
 *(.sdata.*)
 *(.gnu.linkonce.s.*)
 *(.sdata2)
 *(.sdata2.*)
 *(.gnu.linkonce.s2.*)
 *(.jcr)
                0x3ffe8374                _data_end = ABSOLUTE (.)

.rodata         0x3ffe8378     0x1ad4
                0x3ffe8378                _rodata_start = ABSOLUTE (.)
 *(.sdk.version)
 .sdk.version   0x3ffe8378        0x6 c:/Espressif/ESP8266_SDK/lib\libmain.a(app_main.o)
                0x3ffe8378                SDK_VERSION
 *(.rodata)
 *fill*         0x3ffe837e        0x2 
 .rodata        0x3ffe8380       0x20 c:/tools/sming/Sming/compiler/lib/\libmicroc.a(floatscan.o)
 .rodata        0x3ffe83a0        0x8 c:/Espressif/ESP8266_SDK/lib\libphy.a(phy_chip_v6.o)
 .rodata        0x3ffe83a8        0x4 c:/Espressif/ESP8266_SDK/lib\libpp.a(pp.o)
 .rodata        0x3ffe83ac        0x8 c:/Espressif/ESP8266_SDK/lib\libnet80211.a(ieee80211_hostap.o)
 .rodata        0x3ffe83b4        0x9 c:/Espressif/ESP8266_SDK/lib\libnet80211.a(ieee80211_output.o)
 *fill*         0x3ffe83bd        0x3 
 .rodata        0x3ffe83c0        0x6 c:/Espressif/ESP8266_SDK/lib\liblwip.a(etharp.o)
                0x3ffe83c0                ethbroadcast
 .rodata        0x3ffe83c6      0x10a c:/tools/sming/Sming/compiler/lib/\libmicroc.a(intscan.o)
 *(.rodata.*)
 .rodata.str1.4
                0x3ffe84d0        0xc c:/Espressif/ESP8266_SDK/lib\libmain.a(app_main.o)
 .rodata.str1.4
                0x3ffe84dc        0x4 c:/Espressif/ESP8266_SDK/lib\libmain.a(ets_timer.o)
                                  0xc (size before relaxing)
 .rodata.str1.4
                0x3ffe84e0       0x1a c:/Espressif/ESP8266_SDK/lib\libmain.a(mem_manager.o)
 *fill*         0x3ffe84fa        0x2 
 .rodata._ZL14EspDigitalPins
                0x3ffe84fc       0xc0 c:/tools/sming/Sming/compiler/lib/\libsming.a(user_main.o)
 .rodata._ZTV6VectorI8DelegateIFvvEEE
                0x3ffe85bc       0x1c c:/tools/sming/Sming/compiler/lib/\libsming.a(System.o)
                0x3ffe85bc                vtable for Vector<Delegate<void ()> >
 .rodata._ZTV6VectorIP19ISystemReadyHandlerE
                0x3ffe85d8       0x1c c:/tools/sming/Sming/compiler/lib/\libsming.a(System.o)
                0x3ffe85d8                vtable for Vector<ISystemReadyHandler*>
 .rodata.str1.1
                0x3ffe85f4       0x21 c:/tools/sming/Sming/compiler/lib/\libsming.a(stringconversion.o)
 .rodata.str1.1
                0x3ffe8615        0xf c:/tools/sming/Sming/compiler/lib/\libsming.a(IPAddress.o)
                                 0x10 (size before relaxing)
 .rodata._ZTV9IPAddress
                0x3ffe8624        0xc c:/tools/sming/Sming/compiler/lib/\libsming.a(IPAddress.o)
                0x3ffe8624                vtable for IPAddress
 .rodata.str1.1
                0x3ffe8630        0xa c:/tools/sming/Sming/compiler/lib/\libsming.a(Print.o)
                                  0xe (size before relaxing)
 .rodata.str1.1
                0x00000000        0x1 c:/tools/sming/Sming/compiler/lib/\libsming.a(WString.o)
 .rodata.CSWTCH$10
                0x3ffe863a       0x21 c:/tools/sming/Sming/compiler/lib/\libsming.a(Interrupts.o)
 .rodata.str1.1
                0x3ffe865b       0x23 c:/tools/sming/Sming/compiler/lib/\libsming.a(Digital.o)
 *fill*         0x3ffe867e        0x2 
 .rodata._ZL14EspDigitalPins
                0x3ffe8680       0xc0 c:/tools/sming/Sming/compiler/lib/\libsming.a(Digital.o)
 .rodata.str1.1
                0x3ffe8740      0x755 out/build/app_app.a(application.o)
                                0x779 (size before relaxing)
 *fill*         0x3ffe8e95        0x3 
 .rodata._ZTVN11ArduinoJson9Internals20DynamicStringBuilderE
                0x3ffe8e98       0x10 out/build/app_app.a(application.o)
                0x3ffe8e98                vtable for ArduinoJson::Internals::DynamicStringBuilder
 .rodata._ZTVN11ArduinoJson9Internals15BlockJsonBufferINS0_16DefaultAllocatorEEE
                0x3ffe8ea8        0xc out/build/app_app.a(application.o)
                0x3ffe8ea8                vtable for ArduinoJson::Internals::BlockJsonBuffer<ArduinoJson::Internals::DefaultAllocator>
 .rodata._ZTV7Catraca
                0x3ffe8eb4       0x10 out/build/app_app.a(application.o)
                0x3ffe8eb4                vtable for Catraca
 .rodata._ZTVN11ArduinoJson16StaticJsonBufferILj2048EEE
                0x3ffe8ec4        0xc out/build/app_app.a(application.o)
                0x3ffe8ec4                vtable for ArduinoJson::StaticJsonBuffer<2048u>
 .rodata._ZTV14FunctionCallerIPFvvEvJEE
                0x3ffe8ed0       0x14 out/build/app_app.a(application.o)
                0x3ffe8ed0                vtable for FunctionCaller<void (*)(), void>
 .rodata._ZTV14FunctionCallerIPFvR9TcpClientbEvJS1_bEE
                0x3ffe8ee4       0x14 out/build/app_app.a(application.o)
                0x3ffe8ee4                vtable for FunctionCaller<void (*)(TcpClient&, bool), void, TcpClient&, bool>
 .rodata._ZTV14FunctionCallerIPFbR9TcpClientPciEbJS1_S2_iEE
                0x3ffe8ef8       0x14 out/build/app_app.a(application.o)
                0x3ffe8ef8                vtable for FunctionCaller<bool (*)(TcpClient&, char*, int), bool, TcpClient&, char*, int>
 .rodata._ZTV14FunctionCallerIPFvP9TcpClientEvJS1_EE
                0x3ffe8f0c       0x14 out/build/app_app.a(application.o)
                0x3ffe8f0c                vtable for FunctionCaller<void (*)(TcpClient*), void, TcpClient*>
 .rodata.str1.1
                0x3ffe8f20        0xc c:/tools/sming/Sming/compiler/lib/\libmicroc.a(abort.o)
 .rodata.str1.1
                0x3ffe8f2c        0x9 c:/tools/sming/Sming/compiler/lib/\libmicroc.a(floatscan.o)
                                  0xd (size before relaxing)
 *fill*         0x3ffe8f35        0x3 
 .rodata.str1.4
                0x3ffe8f38        0x4 c:/Espressif/ESP8266_SDK/lib\libpp.a(lmac.o)
                                  0xc (size before relaxing)
 .rodata.str1.4
                0x3ffe8f3c        0x4 c:/Espressif/ESP8266_SDK/lib\libpp.a(pm_for_bcn_only_mode.o)
                                  0xc (size before relaxing)
 .rodata.str1.4
                0x3ffe8f40        0x8 c:/Espressif/ESP8266_SDK/lib\libpp.a(pp.o)
                                 0x10 (size before relaxing)
 .rodata.str1.4
                0x3ffe8f48        0x4 c:/Espressif/ESP8266_SDK/lib\libpp.a(wdev.o)
                                  0xc (size before relaxing)
 .rodata.str1.4
                0x3ffe8f4c        0x3 c:/Espressif/ESP8266_SDK/lib\libnet80211.a(ieee80211_hostap.o)
                                  0x8 (size before relaxing)
 *fill*         0x3ffe8f4f        0x1 
 .rodata.str1.4
                0x3ffe8f50        0x7 c:/Espressif/ESP8266_SDK/lib\libnet80211.a(ieee80211_mesh_quick.o)
 .rodata.str1.4
                0x00000000        0x4 c:/Espressif/ESP8266_SDK/lib\libnet80211.a(ieee80211_sta.o)
 .rodata.str1.4
                0x00000000        0x4 c:/Espressif/ESP8266_SDK/lib\libnet80211.a(ieee80211_action_vendor.o)
 .rodata.str1.4
                0x00000000        0x4 c:/Espressif/ESP8266_SDK/lib\libnet80211.a(ieee80211_ie_vendor.o)
 .rodata.str1.4
                0x00000000        0x7 c:/Espressif/ESP8266_SDK/lib\liblwip.a(espconn_tcp.o)
                                  0x1 (size before relaxing)
 *fill*         0x3ffe8f57        0x1 
 .rodata.str1.4
                0x3ffe8f58       0x10 c:/Espressif/ESP8266_SDK/lib\libwpa.a(wpa_debug.o)
                                  0xd (size before relaxing)
 .rodata.str1.1
                0x00000000        0x9 c:/tools/sming/Sming/compiler/lib/\libsming.a(HardwareSerial.o)
                                  0x4 (size before relaxing)
 .rodata._ZTV14HardwareSerial
                0x3ffe8f68       0x20 c:/tools/sming/Sming/compiler/lib/\libsming.a(HardwareSerial.o)
                0x3ffe8f68                vtable for HardwareSerial
 .rodata.str1.1
                0x3ffe8f88       0x1e c:/tools/sming/Sming/compiler/lib/\libsming.a(TcpClient.o)
 *fill*         0x3ffe8fa6        0x2 
 .rodata._ZTV9TcpClient
                0x3ffe8fa8       0x3c c:/tools/sming/Sming/compiler/lib/\libsming.a(TcpClient.o)
                0x3ffe8fa8                vtable for TcpClient
 .rodata.str1.1
                0x3ffe8fe4      0x203 c:/tools/sming/Sming/compiler/lib/\libsming.a(TcpConnection.o)
                                0x220 (size before relaxing)
 *fill*         0x3ffe91e7        0x1 
 .rodata._ZTV13TcpConnection
                0x3ffe91e8       0x38 c:/tools/sming/Sming/compiler/lib/\libsming.a(TcpConnection.o)
                0x3ffe91e8                vtable for TcpConnection
 .rodata.str1.1
                0x3ffe9220      0x13e c:/tools/sming/Sming/compiler/lib/\libsming.a(TcpServer.o)
 *fill*         0x3ffe935e        0x2 
 .rodata._ZTV9TcpServer
                0x3ffe9360       0x50 c:/tools/sming/Sming/compiler/lib/\libsming.a(TcpServer.o)
                0x3ffe9360                vtable for TcpServer
 .rodata._ZTV12MethodCallerIM9TcpServerFbR9TcpClientPciEE
                0x3ffe93b0       0x14 c:/tools/sming/Sming/compiler/lib/\libsming.a(TcpServer.o)
                0x3ffe93b0                vtable for MethodCaller<bool (TcpServer::*)(TcpClient&, char*, int)>
 .rodata._ZTV12MethodCallerIM9TcpServerFvR9TcpClientbEE
                0x3ffe93c4       0x14 c:/tools/sming/Sming/compiler/lib/\libsming.a(TcpServer.o)
                0x3ffe93c4                vtable for MethodCaller<void (TcpServer::*)(TcpClient&, bool)>
 .rodata.str1.1
                0x3ffe93d8       0xf0 c:/tools/sming/Sming/compiler/lib/\libsming.a(AccessPoint.o)
                                 0xf1 (size before relaxing)
 .rodata._ZTV16AccessPointClass
                0x3ffe94c8       0x14 c:/tools/sming/Sming/compiler/lib/\libsming.a(AccessPoint.o)
                0x3ffe94c8                vtable for AccessPointClass
 .rodata.str1.1
                0x3ffe94dc      0x24d c:/tools/sming/Sming/compiler/lib/\libsming.a(Station.o)
                                0x283 (size before relaxing)
 *fill*         0x3ffe9729        0x3 
 .rodata._ZTV12StationClass
                0x3ffe972c       0x14 c:/tools/sming/Sming/compiler/lib/\libsming.a(Station.o)
                0x3ffe972c                vtable for StationClass
 .rodata._ZTV6VectorI7BssInfoE
                0x3ffe9740       0x1c c:/tools/sming/Sming/compiler/lib/\libsming.a(Station.o)
                0x3ffe9740                vtable for Vector<BssInfo>
 .rodata._ZTV8WDTClass
                0x3ffe975c       0x14 c:/tools/sming/Sming/compiler/lib/\libsming.a(WDT.o)
                0x3ffe975c                vtable for WDTClass
 .rodata.str1.1
                0x3ffe9770        0x5 c:/tools/sming/Sming/compiler/lib/\libsming.a(ArduinoJson.o)
                                 0x11 (size before relaxing)
 .rodata._ZN11ArduinoJson9Internals8Encoding12_escapeTableE
                0x3ffe9775        0xf c:/tools/sming/Sming/compiler/lib/\libsming.a(ArduinoJson.o)
                0x3ffe9775                ArduinoJson::Internals::Encoding::_escapeTable
 .rodata.str1.1
                0x3ffe9784       0xf7 c:/tools/sming/Sming/compiler/lib/\libsming.a(CommandExecutor.o)
                                 0xf8 (size before relaxing)
 .rodata.str1.1
                0x3ffe987b      0x3b3 c:/tools/sming/Sming/compiler/lib/\libsming.a(CommandHandler.o)
                                0x3bb (size before relaxing)
 .rodata.str1.1
                0x3ffe9c2e      0x138 c:/tools/sming/Sming/compiler/lib/\libsming.a(DataSourceStream.o)
                                0x139 (size before relaxing)
 *fill*         0x3ffe9d66        0x2 
 .rodata._ZTV16MemoryDataStream
                0x3ffe9d68       0x48 c:/tools/sming/Sming/compiler/lib/\libsming.a(DataSourceStream.o)
                0x3ffe9d68                vtable for MemoryDataStream
 .rodata.str1.1
                0x00000000        0x1 c:/tools/sming/Sming/compiler/lib/\libsming.a(CommandDelegate.o)
 *(.gnu.linkonce.r.*)
 *(.rodata1)
                0x3ffe9db0                __XT_EXCEPTION_TABLE__ = ABSOLUTE (.)
 *(.xt_except_table)
 *(.gcc_except_table)
 *(.gnu.linkonce.e.*)
 *(.gnu.version_r)
 *(.eh_frame)
                0x3ffe9db0                . = ((. + 0x3) & 0xfffffffc)
                0x3ffe9db0                __dso_handle = ABSOLUTE (.)
                0x3ffe9db0                __init_array_start = ABSOLUTE (.)
 *crtbegin.o(.ctors)
 *(EXCLUDE_FILE(*crtend.o) .ctors)
 .ctors         0x3ffe9db0        0x4 c:/tools/sming/Sming/compiler/lib/\libsming.a(user_main.o)
 .ctors         0x3ffe9db4        0x4 c:/tools/sming/Sming/compiler/lib/\libsming.a(System.o)
 .ctors         0x3ffe9db8        0x4 c:/tools/sming/Sming/compiler/lib/\libsming.a(m_printf.o)
 .ctors         0x3ffe9dbc        0x4 c:/tools/sming/Sming/compiler/lib/\libsming.a(IPAddress.o)
 .ctors         0x3ffe9dc0        0x4 c:/tools/sming/Sming/compiler/lib/\libsming.a(Print.o)
 .ctors         0x3ffe9dc4        0x4 c:/tools/sming/Sming/compiler/lib/\libsming.a(WString.o)
 .ctors         0x3ffe9dc8        0x4 c:/tools/sming/Sming/compiler/lib/\libsming.a(Interrupts.o)
 .ctors         0x3ffe9dcc        0x4 c:/tools/sming/Sming/compiler/lib/\libsming.a(Digital.o)
 .ctors         0x3ffe9dd0        0x4 out/build/app_app.a(application.o)
 .ctors         0x3ffe9dd4        0x4 c:/tools/sming/Sming/compiler/lib/\libsming.a(Clock.o)
 .ctors         0x3ffe9dd8        0x4 c:/tools/sming/Sming/compiler/lib/\libsming.a(HardwareSerial.o)
 .ctors         0x3ffe9ddc        0x4 c:/tools/sming/Sming/compiler/lib/\libsming.a(TcpClient.o)
 .ctors         0x3ffe9de0        0x4 c:/tools/sming/Sming/compiler/lib/\libsming.a(TcpConnection.o)
 .ctors         0x3ffe9de4        0x4 c:/tools/sming/Sming/compiler/lib/\libsming.a(TcpServer.o)
 .ctors         0x3ffe9de8        0x4 c:/tools/sming/Sming/compiler/lib/\libsming.a(AccessPoint.o)
 .ctors         0x3ffe9dec        0x4 c:/tools/sming/Sming/compiler/lib/\libsming.a(Station.o)
 .ctors         0x3ffe9df0        0x4 c:/tools/sming/Sming/compiler/lib/\libsming.a(WDT.o)
 .ctors         0x3ffe9df4        0x4 c:/tools/sming/Sming/compiler/lib/\libsming.a(ArduinoJson.o)
 .ctors         0x3ffe9df8        0x4 c:/tools/sming/Sming/compiler/lib/\libsming.a(CommandExecutor.o)
 .ctors         0x3ffe9dfc        0x4 c:/tools/sming/Sming/compiler/lib/\libsming.a(CommandHandler.o)
 .ctors         0x3ffe9e00        0x4 c:/tools/sming/Sming/compiler/lib/\libsming.a(CommandOutput.o)
 .ctors         0x3ffe9e04        0x4 c:/tools/sming/Sming/compiler/lib/\libsming.a(DataSourceStream.o)
 .ctors         0x3ffe9e08        0x4 c:/tools/sming/Sming/compiler/lib/\libsming.a(SystemClock.o)
 .ctors         0x3ffe9e0c        0x4 c:/tools/sming/Sming/compiler/lib/\libsming.a(WebSocket.o)
 .ctors         0x3ffe9e10        0x4 c:/tools/sming/Sming/compiler/lib/\libsming.a(RTC.o)
 .ctors         0x3ffe9e14        0x4 c:/tools/sming/Sming/compiler/lib/\libsming.a(CommandDelegate.o)
 .ctors         0x3ffe9e18        0x4 c:/tools/sming/Sming/compiler/lib/\libsming.a(DateTime.o)
 .ctors         0x3ffe9e1c        0x4 c:/tools/sming/Sming/compiler/lib/\libsming.a(HttpRequest.o)
 .ctors         0x3ffe9e20        0x4 c:/tools/sming/Sming/compiler/lib/\libsming.a(HttpResponse.o)
 .ctors         0x3ffe9e24        0x4 c:/tools/sming/Sming/compiler/lib/\libsming.a(HttpServer.o)
 .ctors         0x3ffe9e28        0x4 c:/tools/sming/Sming/compiler/lib/\libsming.a(HttpServerConnection.o)
 *(SORT(.ctors.*))
 *(.ctors)
                0x3ffe9e2c                __init_array_end = ABSOLUTE (.)
 *crtbegin.o(.dtors)
 *(EXCLUDE_FILE(*crtend.o) .dtors)
 .dtors         0x3ffe9e2c        0x4 c:/tools/sming/Sming/compiler/lib/\libsming.a(System.o)
 .dtors         0x3ffe9e30        0x4 c:/tools/sming/Sming/compiler/lib/\libsming.a(Interrupts.o)
 .dtors         0x3ffe9e34        0x4 out/build/app_app.a(application.o)
 .dtors         0x3ffe9e38        0x4 c:/tools/sming/Sming/compiler/lib/\libsming.a(HardwareSerial.o)
 .dtors         0x3ffe9e3c        0x4 c:/tools/sming/Sming/compiler/lib/\libsming.a(Station.o)
 .dtors         0x3ffe9e40        0x4 c:/tools/sming/Sming/compiler/lib/\libsming.a(CommandHandler.o)
 *(SORT(.dtors.*))
 *(.dtors)
                0x3ffe9e44                __XT_EXCEPTION_DESCS__ = ABSOLUTE (.)
 *(.xt_except_desc)
 *(.gnu.linkonce.h.*)
                0x3ffe9e44                __XT_EXCEPTION_DESCS_END__ = ABSOLUTE (.)
 *(.xt_except_desc_end)
 *(.dynamic)
 *(.gnu.version_d)
                0x3ffe9e44                . = ALIGN (0x4)
                0x3ffe9e44                _bss_table_start = ABSOLUTE (.)
                0x3ffe9e44        0x4 LONG 0x3ffe9e50 _bss_start
                0x3ffe9e48        0x4 LONG 0x3fff0490 _bss_end
                0x3ffe9e4c                _bss_table_end = ABSOLUTE (.)
                0x3ffe9e4c                _rodata_end = ABSOLUTE (.)

.bss            0x3ffe9e50     0x6640
                0x3ffe9e50                . = ALIGN (0x8)
                0x3ffe9e50                _bss_start = ABSOLUTE (.)
 *(.dynsbss)
 *(.sbss)
 *(.sbss.*)
 *(.gnu.linkonce.sb.*)
 *(.scommon)
 *(.sbss2)
 *(.sbss2.*)
 *(.gnu.linkonce.sb2.*)
 *(.dynbss)
 *(.bss)
 .bss           0x3ffe9e50      0x1c0 c:/Espressif/ESP8266_SDK/lib\libmain.a(nmi-vector.o)
 .bss           0x3ffea010       0x41 c:/Espressif/ESP8266_SDK/lib\libmain.a(app_main.o)
                0x3ffea014                info
                0x3ffea038                lwip_timer_interval
                0x3ffea03c                check_timeouts_timer
                0x3ffea050                user_init_flag
 *fill*         0x3ffea051        0xf 
 .bss           0x3ffea060       0x30 c:/Espressif/ESP8266_SDK/lib\libmain.a(ets_timer.o)
                0x3ffea060                timer_list
                0x3ffea064                debug_timer
                0x3ffea068                debug_timerfn
 .bss           0x3ffea090       0x3c c:/Espressif/ESP8266_SDK/lib\libmain.a(mem_manager.o)
 .bss           0x3ffea0cc        0x4 c:/Espressif/ESP8266_SDK/lib\libmain.a(spi_flash.o)
                0x3ffea0cc                flash_read
 .bss           0x3ffea0d0      0x242 c:/Espressif/ESP8266_SDK/lib\libmain.a(user_interface.o)
                0x3ffea1c7                deep_sleep_flag
                0x3ffea1c8                cpu_overclock
                0x3ffea1cc                event_cb
                0x3ffea1d0                status_led_output_level
                0x3ffea1d4                done_cb
                0x3ffea1d8                rst_if
                0x3ffea1f4                default_interface
                0x3ffea1f5                OpmodChgIsOnGoing
                0x3ffea1f8                promiscuous_cb
                0x3ffea210                event_TaskQueue
 *fill*         0x3ffea312        0x2 
 .bss           0x3ffea314        0xc c:/Espressif/ESP8266_SDK/lib\libmain.a(eagle_lwip_if.o)
                0x3ffea314                hostname
 .bss           0x3ffea320        0x4 c:/tools/sming/Sming/compiler/lib/\libmicroc.a(__errno_location.o)
 .bss           0x3ffea324        0x4 c:/Espressif/ESP8266_SDK/lib\libphy.a(phy.o)
 .bss           0x3ffea328        0x2 c:/Espressif/ESP8266_SDK/lib\libphy.a(phy_chip_v6_ana.o)
                0x3ffea328                tout_dis_txpwr_track
                0x3ffea329                sleep_mode_flag
 *fill*         0x3ffea32a        0x6 
 .bss           0x3ffea330      0x160 c:/Espressif/ESP8266_SDK/lib\libphy.a(phy_chip_v6.o)
                0x3ffea330                g_phyFuns
                0x3ffea334                rxiq_compute_num
                0x3ffea338                rx_table_renew_en
                0x3ffea33c                check_result
                0x3ffea340                chip6_sleep_params
                0x3ffea3d4                chip6_phy_init_ctrl
                0x3ffea448                phy_freq_offset
                0x3ffea44a                do_pwctrl_flag
                0x3ffea44b                pwctrl_debug
                0x3ffea44c                txbk_dpdby_flag
                0x3ffea44e                sw_scan_mode
                0x3ffea44f                rxmax_ext_level
                0x3ffea450                phy_rx_gain_dc_table
                0x3ffea464                periodic_cal_dc_num
                0x3ffea468                periodic_cal_flag
                0x3ffea469                bbpll_cal_flag
                0x3ffea46a                phy_in_most_power
                0x3ffea46b                init_rf_no_cal
                0x3ffea46c                test_print_time
                0x3ffea470                phy_rx_gain_dc_flag
                0x3ffea471                phy_in_vdd33_offset
                0x3ffea472                phy_set_most_tpw_disbg
                0x3ffea473                phy_set_most_tpw_index
                0x3ffea474                adc_rand_noise
                0x3ffea478                dpd_bypass_original
                0x3ffea480                noise_array
 .bss           0x3ffea490        0x8 c:/Espressif/ESP8266_SDK/lib\libphy.a(phy_chip_v6_cal.o)
                0x3ffea490                phy_tx_power_out
                0x3ffea492                loop_pwctrl_pwdet_error_accum_high_power
                0x3ffea494                tx_pwctrl_pk_num
                0x3ffea495                tx_pwctrl_track_num
                0x3ffea496                loop_pwctrl_correct_atten_high_power
                0x3ffea497                rxiq_cover_fail_num
 .bss           0x3ffea498        0x7 c:/Espressif/ESP8266_SDK/lib\libphy.a(phy_sleep.o)
                0x3ffea498                periodic_cal_sat
                0x3ffea49a                lslp_mem_opt_8266
                0x3ffea49c                software_slp_reject
                0x3ffea49d                SDIO_slp_reject
                0x3ffea49e                hardware_reject
 *fill*         0x3ffea49f        0x1 
 .bss           0x3ffea4a0       0x40 c:/Espressif/ESP8266_SDK/lib\libpp.a(if_hwctrl.o)
                0x3ffea4a0                interface_mask
                0x3ffea4c0                if_ctrl
 .bss           0x3ffea4e0      0x150 c:/Espressif/ESP8266_SDK/lib\libpp.a(lmac.o)
                0x3ffea4e4                lmacConfMib
 .bss           0x3ffea630      0x11a c:/Espressif/ESP8266_SDK/lib\libpp.a(pm.o)
                0x3ffea630                pmc
                0x3ffea710                flash_tmp
 *fill*         0x3ffea74a        0x2 
 .bss           0x3ffea74c       0x34 c:/Espressif/ESP8266_SDK/lib\libpp.a(pm_for_bcn_only_mode.o)
 .bss           0x3ffea780      0x322 c:/Espressif/ESP8266_SDK/lib\libpp.a(pp.o)
                0x3ffea798                pend_flag_noise_check
                0x3ffea7a0                pend_flag_periodic_cal
                0x3ffea7b8                idle_timer_reopen_flag
                0x3ffea7ba                dbg_stop_sw_wdt
                0x3ffea7bb                dbg_stop_hw_wdt
                0x3ffea7bd                total_buffed_eb_num
                0x3ffea7c0                HighestFreqOffsetInOneChk
                0x3ffea7c2                LowestFreqOffsetInOneChk
                0x3ffea7c4                DefFreqCalTimer
                0x3ffea7d8                PktNumInOneChk
                0x3ffea960                buffed_eb_arr
 *fill*         0x3ffeaaa2        0xe 
 .bss           0x3ffeaab0      0x100 c:/Espressif/ESP8266_SDK/lib\libpp.a(rate_control.o)
 .bss           0x3ffeabb0      0x46c c:/Espressif/ESP8266_SDK/lib\libpp.a(trc.o)
 *fill*         0x3ffeb01c        0x4 
 .bss           0x3ffeb020     0x2f88 c:/Espressif/ESP8266_SDK/lib\libpp.a(wdev.o)
                0x3ffeb020                wDevCtrl
                0x3ffeb1c8                WdevTimOffSet
 *fill*         0x3ffedfa8        0x8 
 .bss           0x3ffedfb0      0xac4 c:/Espressif/ESP8266_SDK/lib\libpp.a(esf_buf.o)
 .bss           0x3ffeea74      0x67c c:/Espressif/ESP8266_SDK/lib\libnet80211.a(ieee80211.o)
                0x3ffeea74                g_ic
 .bss           0x3ffef0f0       0x56 c:/Espressif/ESP8266_SDK/lib\libnet80211.a(ieee80211_hostap.o)
                0x3ffef0f0                BcnEb_update
                0x3ffef0fd                BcnWithMcastSendStart
                0x3ffef0fe                BcnWithMcastSendCnt
                0x3ffef118                PendFreeBcnEb
                0x3ffef11c                ApFreqCalTimer
                0x3ffef130                APRecvBcnStartTick
 *fill*         0x3ffef146        0x2 
 .bss           0x3ffef148       0xc8 c:/Espressif/ESP8266_SDK/lib\libnet80211.a(ieee80211_scan.o)
                0x3ffef148                gScanStruct
                0x3ffef1f4                connect_scan_flag
                0x3ffef1f5                FreqCalCntForScan
                0x3ffef1f6                TestStaFreqCalValInput
                0x3ffef1f8                auth_type
                0x3ffef1fa                scannum
 .bss           0x3ffef210       0x10 c:/Espressif/ESP8266_SDK/lib\libnet80211.a(ieee80211_sta.o)
 .bss           0x3ffef220       0x3c c:/Espressif/ESP8266_SDK/lib\libnet80211.a(wl_chm.o)
 *fill*         0x3ffef25c        0x4 
 .bss           0x3ffef260      0x37a c:/Espressif/ESP8266_SDK/lib\libnet80211.a(wl_cnx.o)
                0x3ffef5c0                sta_con_timer
                0x3ffef5d4                g_cnx_probe_rc_list_cb
                0x3ffef5d8                reconnect_flag
                0x3ffef5d9                no_ap_found_index
 *fill*         0x3ffef5da        0x2 
 .bss           0x3ffef5dc       0x10 c:/Espressif/ESP8266_SDK/lib\libnet80211.a(ieee80211_action_vendor.o)
 *fill*         0x3ffef5ec        0x4 
 .bss           0x3ffef5f0       0x38 c:/Espressif/ESP8266_SDK/lib\liblwip.a(dhcp.o)
                0x3ffef5f0                dhcp_rx_options_given
                0x3ffef600                dhcp_rx_options_val
 .bss           0x3ffef628       0x28 c:/Espressif/ESP8266_SDK/lib\liblwip.a(dhcpserver.o)
 .bss           0x3ffef650      0x480 c:/Espressif/ESP8266_SDK/lib\liblwip.a(dns.o)
 .bss           0x3ffefad0       0x78 c:/Espressif/ESP8266_SDK/lib\liblwip.a(espconn_tcp.o)
                0x3ffefad0                espconn_TaskQueue
 *fill*         0x3ffefb48        0x8 
 .bss           0x3ffefb50      0x100 c:/Espressif/ESP8266_SDK/lib\liblwip.a(etharp.o)
                0x3ffefb54                ethzero
 .bss           0x3ffefc50       0x10 c:/Espressif/ESP8266_SDK/lib\liblwip.a(ip_addr.o)
 .bss           0x3ffefc60       0x12 c:/Espressif/ESP8266_SDK/lib\liblwip.a(ip.o)
                0x3ffefc60                current_iphdr_dest
                0x3ffefc64                current_iphdr_src
                0x3ffefc68                current_netif
                0x3ffefc6c                current_header
 *fill*         0x3ffefc72        0x2 
 .bss           0x3ffefc74        0x9 c:/Espressif/ESP8266_SDK/lib\liblwip.a(netif.o)
                0x3ffefc74                netif_list
                0x3ffefc78                netif_default
 *fill*         0x3ffefc7d        0x3 
 .bss           0x3ffefc80        0x4 c:/Espressif/ESP8266_SDK/lib\liblwip.a(raw.o)
 .bss           0x3ffefc84       0x34 c:/Espressif/ESP8266_SDK/lib\liblwip.a(tcp_in.o)
                0x3ffefcb4                tcp_input_pcb
 .bss           0x3ffefcb8       0x1c c:/Espressif/ESP8266_SDK/lib\liblwip.a(tcp.o)
                0x3ffefcbc                tcp_active_pcbs
                0x3ffefcc0                tcp_tmp_pcb
                0x3ffefcc4                tcp_tw_pcbs
                0x3ffefcc8                tcp_bound_pcbs
                0x3ffefccc                tcp_listen_pcbs
                0x3ffefcd0                tcp_ticks
 .bss           0x3ffefcd4        0xc c:/Espressif/ESP8266_SDK/lib\liblwip.a(timers.o)
 .bss           0x3ffefce0        0x4 c:/Espressif/ESP8266_SDK/lib\liblwip.a(udp.o)
                0x3ffefce0                udp_pcbs
 *fill*         0x3ffefce4        0xc 
 .bss           0x3ffefcf0      0x104 c:/Espressif/ESP8266_SDK/lib\liblwip.a(espconn.o)
                0x3ffefcf0                plink_active
                0x3ffefcf4                pserver_list
                0x3ffefd00                premot
                0x3ffefdc0                pktinfo
 .bss           0x3ffefdf4        0xc c:/Espressif/ESP8266_SDK/lib\liblwip.a(igmp.o)
 .bss           0x3ffefe00      0x26a c:/Espressif/ESP8266_SDK/lib\libwpa.a(wpa.o)
 *fill*         0x3fff006a        0x6 
 .bss           0x3fff0070        0x8 c:/Espressif/ESP8266_SDK/lib\libnet80211.a(ieee80211_crypto_tkip.o)
 *(.bss.*)
 .bss._ZL5ESP01
                0x3fff0078       0x30 c:/tools/sming/Sming/compiler/lib/\libsming.a(user_main.o)
 .bss._ZL11INADDR_NONE
                0x3fff00a8        0x8 c:/tools/sming/Sming/compiler/lib/\libsming.a(user_main.o)
 .bss.System    0x3fff00b0       0x2c c:/tools/sming/Sming/compiler/lib/\libsming.a(System.o)
                0x3fff00b0                System
 .bss._ZL5ESP01
                0x3fff00dc       0x30 c:/tools/sming/Sming/compiler/lib/\libsming.a(m_printf.o)
 .bss._ZL11INADDR_NONE
                0x3fff010c        0x8 c:/tools/sming/Sming/compiler/lib/\libsming.a(m_printf.o)
 .bss._ZL5ESP01
                0x3fff0114       0x30 c:/tools/sming/Sming/compiler/lib/\libsming.a(IPAddress.o)
 .bss._ZL11INADDR_NONE
                0x3fff0144        0x8 c:/tools/sming/Sming/compiler/lib/\libsming.a(Print.o)
 .bss._ZZN6StringixEjE19dummy_writable_char
                0x3fff014c        0x1 c:/tools/sming/Sming/compiler/lib/\libsming.a(WString.o)
 *fill*         0x3fff014d        0x3 
 .bss._ZL11INADDR_NONE
                0x3fff0150        0x8 c:/tools/sming/Sming/compiler/lib/\libsming.a(WString.o)
 .bss._gpioInterruptsInitialied
                0x3fff0158        0x1 c:/tools/sming/Sming/compiler/lib/\libsming.a(Interrupts.o)
                0x3fff0158                _gpioInterruptsInitialied
 *fill*         0x3fff0159        0x3 
 .bss._delegateFunctionList
                0x3fff015c       0x40 c:/tools/sming/Sming/compiler/lib/\libsming.a(Interrupts.o)
                0x3fff015c                _delegateFunctionList
 .bss._gpioInterruptsList
                0x3fff019c       0x40 c:/tools/sming/Sming/compiler/lib/\libsming.a(Interrupts.o)
                0x3fff019c                _gpioInterruptsList
 .bss._ZL11INADDR_NONE
                0x3fff01dc        0x8 c:/tools/sming/Sming/compiler/lib/\libsming.a(Interrupts.o)
 .bss._ZL11INADDR_NONE
                0x3fff01e4        0x8 c:/tools/sming/Sming/compiler/lib/\libsming.a(Digital.o)
 .bss.tcpServer
                0x3fff01ec       0x20 out/build/app_app.a(application.o)
                0x3fff01ec                tcpServer
 .bss.wifiHandler
                0x3fff020c        0x4 out/build/app_app.a(application.o)
                0x3fff020c                wifiHandler
 .bss.serverIP  0x3fff0210        0x8 out/build/app_app.a(application.o)
                0x3fff0210                serverIP
 .bss.catraca   0x3fff0218       0x60 out/build/app_app.a(application.o)
                0x3fff0218                catraca
 .bss._ZL5ESP01
                0x3fff0278       0x30 out/build/app_app.a(application.o)
 .bss._ZL11INADDR_NONE
                0x3fff02a8        0x8 out/build/app_app.a(application.o)
 .bss._ZL11INADDR_NONE
                0x3fff02b0        0x8 c:/tools/sming/Sming/compiler/lib/\libsming.a(Clock.o)
 .bss.Serial    0x3fff02b8       0x18 c:/tools/sming/Sming/compiler/lib/\libsming.a(HardwareSerial.o)
                0x3fff02b8                Serial
 .bss._ZN14HardwareSerial10memberDataE
                0x3fff02d0       0x18 c:/tools/sming/Sming/compiler/lib/\libsming.a(HardwareSerial.o)
                0x3fff02d0                HardwareSerial::memberData
 .bss._ZL11INADDR_NONE
                0x3fff02e8        0x8 c:/tools/sming/Sming/compiler/lib/\libsming.a(HardwareSerial.o)
 .bss._ZL11INADDR_NONE
                0x3fff02f0        0x8 c:/tools/sming/Sming/compiler/lib/\libsming.a(TcpClient.o)
 .bss._ZL11INADDR_NONE
                0x3fff02f8        0x8 c:/tools/sming/Sming/compiler/lib/\libsming.a(TcpConnection.o)
 .bss._ZN9TcpServer16totalConnectionsE
                0x3fff0300        0x2 c:/tools/sming/Sming/compiler/lib/\libsming.a(TcpServer.o)
                0x3fff0300                TcpServer::totalConnections
 *fill*         0x3fff0302        0x2 
 .bss._ZL11INADDR_NONE
                0x3fff0304        0x8 c:/tools/sming/Sming/compiler/lib/\libsming.a(TcpServer.o)
 .bss.WifiAccessPoint
                0x3fff030c        0x8 c:/tools/sming/Sming/compiler/lib/\libsming.a(AccessPoint.o)
                0x3fff030c                WifiAccessPoint
 .bss._ZL5ESP01
                0x3fff0314       0x30 c:/tools/sming/Sming/compiler/lib/\libsming.a(AccessPoint.o)
 .bss._ZL11INADDR_NONE
                0x3fff0344        0x8 c:/tools/sming/Sming/compiler/lib/\libsming.a(AccessPoint.o)
 .bss.WifiStation
                0x3fff034c       0x24 c:/tools/sming/Sming/compiler/lib/\libsming.a(Station.o)
                0x3fff034c                WifiStation
 .bss._ZL5ESP01
                0x3fff0370       0x30 c:/tools/sming/Sming/compiler/lib/\libsming.a(Station.o)
 .bss._ZL11INADDR_NONE
                0x3fff03a0        0x8 c:/tools/sming/Sming/compiler/lib/\libsming.a(Station.o)
 .bss.WDT       0x3fff03a8        0x8 c:/tools/sming/Sming/compiler/lib/\libsming.a(WDT.o)
                0x3fff03a8                WDT
 .bss._ZN11ArduinoJson10JsonObject8_invalidE
                0x3fff03b0        0x8 c:/tools/sming/Sming/compiler/lib/\libsming.a(ArduinoJson.o)
                0x3fff03b0                ArduinoJson::JsonObject::_invalid
 .bss._ZN11ArduinoJson9JsonArray8_invalidE
                0x3fff03b8        0x8 c:/tools/sming/Sming/compiler/lib/\libsming.a(ArduinoJson.o)
                0x3fff03b8                ArduinoJson::JsonArray::_invalid
 .bss._ZL11INADDR_NONE
                0x3fff03c0        0x8 c:/tools/sming/Sming/compiler/lib/\libsming.a(CommandExecutor.o)
 .bss.commandHandler
                0x3fff03c8       0x1c c:/tools/sming/Sming/compiler/lib/\libsming.a(CommandHandler.o)
                0x3fff03c8                commandHandler
 .bss._ZL11INADDR_NONE
                0x3fff03e4        0x8 c:/tools/sming/Sming/compiler/lib/\libsming.a(CommandHandler.o)
 .bss._ZL11INADDR_NONE
                0x3fff03ec        0x8 c:/tools/sming/Sming/compiler/lib/\libsming.a(CommandOutput.o)
 .bss._ZL11INADDR_NONE
                0x3fff03f4        0x8 c:/tools/sming/Sming/compiler/lib/\libsming.a(DataSourceStream.o)
 *fill*         0x3fff03fc        0x4 
 .bss.SystemClock
                0x3fff0400       0x18 c:/tools/sming/Sming/compiler/lib/\libsming.a(SystemClock.o)
                0x3fff0400                SystemClock
 .bss._ZL11INADDR_NONE
                0x3fff0418        0x8 c:/tools/sming/Sming/compiler/lib/\libsming.a(SystemClock.o)
 .bss._ZL11INADDR_NONE
                0x3fff0420        0x8 c:/tools/sming/Sming/compiler/lib/\libsming.a(WebSocket.o)
 .bss.RTC       0x3fff0428        0x1 c:/tools/sming/Sming/compiler/lib/\libsming.a(RTC.o)
                0x3fff0428                RTC
 *fill*         0x3fff0429        0x3 
 .bss._ZL11INADDR_NONE
                0x3fff042c        0x8 c:/tools/sming/Sming/compiler/lib/\libsming.a(CommandDelegate.o)
 .bss._ZL5ESP01
                0x3fff0434       0x30 c:/tools/sming/Sming/compiler/lib/\libsming.a(DateTime.o)
 .bss._ZL11INADDR_NONE
                0x3fff0464        0x8 c:/tools/sming/Sming/compiler/lib/\libsming.a(DateTime.o)
 .bss._ZL11INADDR_NONE
                0x3fff046c        0x8 c:/tools/sming/Sming/compiler/lib/\libsming.a(HttpRequest.o)
 .bss._ZL11INADDR_NONE
                0x3fff0474        0x8 c:/tools/sming/Sming/compiler/lib/\libsming.a(HttpResponse.o)
 .bss._ZL11INADDR_NONE
                0x3fff047c        0x8 c:/tools/sming/Sming/compiler/lib/\libsming.a(HttpServer.o)
 .bss._ZL11INADDR_NONE
                0x3fff0484        0x8 c:/tools/sming/Sming/compiler/lib/\libsming.a(HttpServerConnection.o)
 *(.gnu.linkonce.b.*)
 *(COMMON)
                0x3fff0490                . = ALIGN (0x8)
 *fill*         0x3fff048c        0x4 
                0x3fff0490                _bss_end = ABSOLUTE (.)
                0x3fff0490                _heap_start = ABSOLUTE (.)

.irom0.text     0x40209000    0x35e46
                0x40209000                _irom0_text_start = ABSOLUTE (.)
 *(.irom0.literal .irom.literal .irom.text.literal .irom0.text .irom.text)
 .irom0.text    0x40209000      0xa1d c:/Espressif/ESP8266_SDK/lib\libmain.a(app_main.o)
                                0xc31 (size before relaxing)
                0x402091e8                wdt_init
                0x40209290                user_uart_wait_tx_fifo_empty
                0x40209544                user_rf_pre_init
 *fill*         0x40209a1d        0x3 
 .irom0.text    0x40209a20      0x186 c:/Espressif/ESP8266_SDK/lib\libmain.a(ets_timer.o)
                                0x1b2 (size before relaxing)
                0x40209a28                ets_timer_done
                0x40209a74                ets_timer_handler_isr
                0x40209b44                ets_timer_init
 *fill*         0x40209ba6        0x2 
 .irom0.text    0x40209ba8       0xec c:/Espressif/ESP8266_SDK/lib\libmain.a(mem_manager.o)
                                 0xf8 (size before relaxing)
                0x40209ba8                check_memleak_debug_enable
                0x40209c14                xPortGetFreeHeapSize
                0x40209c1c                vPortInitialiseBlocks
 .irom0.text    0x40209c94     0x3429 c:/Espressif/ESP8266_SDK/lib\libmain.a(user_interface.o)
                               0x3e31 (size before relaxing)
                0x40209c98                system_set_os_print
                0x40209ca8                system_get_os_print
                0x40209e70                system_pp_recycle_rx_pkt
                0x40209e84                system_adc_read
                0x40209e9c                system_get_vdd33
                0x40209eb4                system_restart_hook
                0x40209ecc                system_restart_local
                0x40209fac                system_restart
                0x4020a008                system_restore
                0x4020a070                system_get_flash_size_map
                0x4020a090                system_get_boot_version
                0x4020a0c8                system_get_test_result
                0x4020a0f0                system_get_userbin_addr
                0x4020a188                system_get_boot_mode
                0x4020a1b8                system_restart_enhance
                0x4020a2e8                system_upgrade_userbin_set
                0x4020a334                system_upgrade_userbin_check
                0x4020a374                system_upgrade_flag_set
                0x4020a388                system_upgrade_flag_check
                0x4020a3b0                system_upgrade_reboot
                0x4020a4e4                system_deep_sleep_instant
                0x4020a67c                system_deep_sleep
                0x4020a6dc                system_deep_sleep_set_option
                0x4020a6f8                system_phy_temperature_alert
                0x4020a70c                system_phy_set_max_tpw
                0x4020a720                system_phy_set_tpw_via_vdd33
                0x4020a734                system_phy_set_rfoption
                0x4020a748                system_phy_set_powerup_option
                0x4020a760                system_update_cpu_freq
                0x4020a7bc                system_get_cpu_freq
                0x4020a7d4                system_overclock
                0x4020a800                system_restoreclock
                0x4020a830                system_timer_reinit
                0x4020a848                system_relative_time
                0x4020a86c                system_station_got_ip_set
                0x4020a998                system_print_meminfo
                0x4020a9f8                system_get_free_heap_size
                0x4020aa10                system_get_chip_id
                0x4020aa34                system_rtc_clock_cali_proc
                0x4020aa48                system_get_rtc_time
                0x4020aa5c                system_mktime
                0x4020ab2c                system_init_done_cb
                0x4020ab34                system_get_rst_info
                0x4020ab3c                system_get_data_of_array_8
                0x4020ab60                system_get_data_of_array_16
                0x4020ab88                system_get_string_from_flash
                0x4020abf4                wifi_softap_dhcps_start
                0x4020ac3c                wifi_softap_dhcps_stop
                0x4020ac7c                wifi_softap_dhcps_status
                0x4020ac84                wifi_station_dhcpc_start
                0x4020acdc                wifi_station_dhcpc_stop
                0x4020ad1c                wifi_station_dhcpc_event
                0x4020ad90                wifi_station_dhcpc_set_maxtry
                0x4020ada0                wifi_station_dhcpc_status
                0x4020ae18                wifi_get_opmode
                0x4020ae2c                wifi_get_opmode_default
                0x4020aea8                wifi_get_broadcast_if
                0x4020aee4                wifi_set_broadcast_if
                0x4020b044                wifi_set_opmode
                0x4020b058                wifi_set_opmode_current
                0x4020b06c                system_get_checksum
                0x4020b0ac                wifi_param_save_protect_with_check
                0x4020b140                system_param_save_with_protect
                0x4020b1e8                system_save_sys_param
                0x4020b214                system_param_load
                0x4020b34c                wifi_station_get_config
                0x4020b360                wifi_station_get_config_default
                0x4020b380                wifi_station_get_ap_info
                0x4020b438                wifi_station_ap_number_set
                0x4020b79c                wifi_station_set_config
                0x4020b7b4                wifi_station_set_config_current
                0x4020b7cc                wifi_station_restore_config
                0x4020b7e4                wifi_station_get_current_ap_id
                0x4020b7f8                wifi_station_ap_check
                0x4020b840                wifi_station_ap_change
                0x4020b96c                wifi_station_scan
                0x4020b9b8                wifi_station_get_auto_connect
                0x4020b9cc                wifi_station_set_auto_connect
                0x4020ba1c                wifi_station_save_pmk2cache
                0x4020bad0                wifi_station_connect
                0x4020bb64                wifi_station_disconnect
                0x4020bc24                wifi_station_get_connect_status
                0x4020bc54                wifi_station_set_reconnect_policy
                0x4020bc6c                wifi_station_get_reconnect_policy
                0x4020bc74                wifi_station_get_rssi
                0x4020bcc4                wifi_station_set_default_hostname
                0x4020bd2c                wifi_station_get_hostname
                0x4020bd5c                wifi_station_set_hostname
                0x4020bdfc                wifi_softap_cacl_mac
                0x4020be6c                wifi_softap_set_default_ssid
                0x4020c04c                wifi_softap_get_config
                0x4020c060                wifi_softap_get_config_default
                0x4020c3b4                wifi_softap_set_config
                0x4020c3c8                wifi_softap_set_config_current
                0x4020c3dc                wifi_softap_set_station_info
                0x4020c448                wifi_softap_get_station_info
                0x4020c4f8                wifi_softap_free_station_info
                0x4020c540                wifi_softap_get_station_num
                0x4020c594                wifi_softap_deauth
                0x4020c644                wifi_softap_get_beacon_only_mode
                0x4020c658                wifi_softap_set_beacon_only_mode
                0x4020c6bc                wifi_register_user_ie_manufacturer_recv_cb
                0x4020c6d0                wifi_unregister_user_ie_manufacturer_recv_cb
                0x4020c704                wifi_set_user_ie
                0x4020c814                wifi_get_user_ie
                0x4020c848                wifi_get_phy_mode
                0x4020c850                wifi_set_phy_mode
                0x4020c918                wifi_set_sleep_type
                0x4020c934                wifi_get_sleep_type
                0x4020c94c                wifi_get_channel
                0x4020c964                wifi_set_channel
                0x4020c9a8                wifi_promiscuous_set_mac
                0x4020ca08                wifi_promiscuous_enable
                0x4020caec                wifi_set_promiscuous_rx_cb
                0x4020cafc                wifi_get_ip_info
                0x4020cb7c                wifi_set_ip_info
                0x4020cbf0                wifi_get_macaddr
                0x4020cc50                wifi_set_macaddr
                0x4020cd6c                wifi_enable_6m_rate
                0x4020cd74                wifi_get_user_fixed_rate
                0x4020cd94                wifi_set_user_fixed_rate
                0x4020cdb4                wifi_set_user_sup_rate
                0x4020cdf0                wifi_set_user_rate_limit
                0x4020ce14                wifi_get_user_limit_rate_mask
                0x4020ce1c                wifi_set_user_limit_rate_mask
                0x4020ce34                wifi_register_send_pkt_freedom_cb
                0x4020ce48                wifi_unregister_send_pkt_freedom_cb
                0x4020ce54                wifi_send_pkt_freedom
                0x4020cea0                wifi_rfid_locp_recv_open
                0x4020ceb4                wifi_rfid_locp_recv_close
                0x4020cec8                wifi_register_rfid_locp_recv_cb
                0x4020cedc                wifi_unregister_rfid_locp_recv_cb
                0x4020cef4                wifi_status_led_install
                0x4020cf28                wifi_status_led_uninstall
                0x4020cf4c                wifi_set_status_led_output_level
                0x4020cfa0                wifi_set_event_handler_cb
                0x4020cfe8                system_os_task
                0x4020d024                system_uart_swap
                0x4020d084                system_uart_de_swap
                0x4020d0b8                system_get_sdk_version
 *fill*         0x4020d0bd        0x3 
 .irom0.text    0x4020d0c0      0x610 c:/Espressif/ESP8266_SDK/lib\libmain.a(eagle_lib.o)
                                0x620 (size before relaxing)
                0x4020d0c4                divide
                0x4020d100                skip_atoi
                0x4020d280                ets_vsnprintf
                0x4020d5e0                ets_vsprintf
                0x4020d604                ets_sprintf
                0x4020d62c                ets_strcat
                0x4020d64c                ets_strrchr
                0x4020d678                ets_strchr
                0x4020d690                bit_popcount
                0x4020d6ac                ets_snprintf
 .irom0.text    0x4020d6d0      0x2f6 c:/Espressif/ESP8266_SDK/lib\libmain.a(eagle_lwip_if.o)
                                0x3b2 (size before relaxing)
                0x4020d788                eagle_lwip_if_alloc
                0x4020d938                eagle_lwip_if_free
                0x4020d9a4                eagle_lwip_getif
 *fill*         0x4020d9c6        0x2 
 .irom0.literal
                0x4020d9c8        0x8 c:/tools/sming/Sming/compiler/lib/\libmicroc.a(strtod.o)
                                 0x10 (size before relaxing)
 .irom0.literal
                0x4020d9d0        0x0 c:/tools/sming/Sming/compiler/lib/\libmicroc.a(strchr.o)
                                  0x4 (size before relaxing)
 .irom0.literal
                0x4020d9d0        0xc c:/tools/sming/Sming/compiler/lib/\libmicroc.a(strchrnul.o)
 .irom0.literal
                0x4020d9dc        0x4 c:/tools/sming/Sming/compiler/lib/\libmicroc.a(malloc.o)
                                 0x14 (size before relaxing)
 .irom0.literal
                0x4020d9e0        0x4 c:/tools/sming/Sming/compiler/lib/\libmicroc.a(abort.o)
                                  0x8 (size before relaxing)
 .irom0.literal
                0x4020d9e4       0xa8 c:/tools/sming/Sming/compiler/lib/\libmicroc.a(floatscan.o)
                                0x294 (size before relaxing)
 .irom0.literal
                0x4020da8c        0x0 c:/tools/sming/Sming/compiler/lib/\libmicroc.a(shgetc.o)
                                  0x4 (size before relaxing)
 .irom0.literal
                0x4020da8c        0x0 c:/tools/sming/Sming/compiler/lib/\libmicroc.a(__uflow.o)
                                  0x4 (size before relaxing)
 .irom0.literal
                0x4020da8c        0x0 c:/tools/sming/Sming/compiler/lib/\libmicroc.a(__toread.o)
                                  0x4 (size before relaxing)
 .irom0.literal
                0x4020da8c        0x0 c:/tools/sming/Sming/compiler/lib/\libmicroc.a(fmodl.o)
                                  0x4 (size before relaxing)
 .irom0.literal
                0x4020da8c        0x4 c:/tools/sming/Sming/compiler/lib/\libmicroc.a(scalbn.o)
                                 0x24 (size before relaxing)
 .irom0.literal
                0x4020da90        0x0 c:/tools/sming/Sming/compiler/lib/\libmicroc.a(scalbnl.o)
                                  0x4 (size before relaxing)
 .irom0.literal
                0x4020da90        0x4 c:/tools/sming/Sming/compiler/lib/\libmicroc.a(__errno_location.o)
 .irom0.literal
                0x4020da94       0x18 c:/tools/sming/Sming/compiler/lib/\libmicroc.a(fmod.o)
                                 0x38 (size before relaxing)
 .irom0.literal
                0x4020daac        0x0 c:/tools/sming/Sming/compiler/lib/\libmicroc.a(strtol.o)
                                 0x2c (size before relaxing)
 .irom0.literal
                0x4020daac       0x1c c:/tools/sming/Sming/compiler/lib/\libmicroc.a(intscan.o)
                                 0x84 (size before relaxing)
 .irom0.literal
                0x4020dac8        0x4 c:/tools/sming/Sming/compiler/lib/\libmicrogcc.a(_divsf3.o)
                                 0x10 (size before relaxing)
 .irom0.text    0x4020dacc       0xad c:/tools/sming/Sming/compiler/lib/\libmicroc.a(strtod.o)
                                 0xb1 (size before relaxing)
                0x4020db38                strtof
                0x4020db54                strtod
                0x4020db68                strtold
 *fill*         0x4020db79        0x3 
 .irom0.text    0x4020db7c       0x25 c:/tools/sming/Sming/compiler/lib/\libmicroc.a(strchr.o)
                                 0x29 (size before relaxing)
                0x4020db7c                strchr
 *fill*         0x4020dba1        0x3 
 .irom0.text    0x4020dba4       0x75 c:/tools/sming/Sming/compiler/lib/\libmicroc.a(strchrnul.o)
                0x4020dba4                strchrnul
                0x4020dba4                __strchrnul
 *fill*         0x4020dc19        0x3 
 .irom0.text    0x4020dc1c       0x65 c:/tools/sming/Sming/compiler/lib/\libmicroc.a(malloc.o)
                0x4020dc1c                malloc
                0x4020dc30                free
                0x4020dc44                realloc
                0x4020dc58                zalloc
                0x4020dc6c                calloc
 *fill*         0x4020dc81        0x3 
 .irom0.text    0x4020dc84       0x11 c:/tools/sming/Sming/compiler/lib/\libmicroc.a(abort.o)
                0x4020dc84                abort
 *fill*         0x4020dc95        0x3 
 .irom0.text    0x4020dc98     0x12e0 c:/tools/sming/Sming/compiler/lib/\libmicroc.a(floatscan.o)
                               0x1320 (size before relaxing)
                0x4020e7a8                __floatscan
 .irom0.text    0x4020ef78       0x95 c:/tools/sming/Sming/compiler/lib/\libmicroc.a(shgetc.o)
                0x4020ef78                __shlim
                0x4020ef98                __shgetc
 *fill*         0x4020f00d        0x3 
 .irom0.text    0x4020f010       0x39 c:/tools/sming/Sming/compiler/lib/\libmicroc.a(__uflow.o)
                0x4020f010                __uflow
 *fill*         0x4020f049        0x3 
 .irom0.text    0x4020f04c       0x67 c:/tools/sming/Sming/compiler/lib/\libmicroc.a(__toread.o)
                                 0x6b (size before relaxing)
                0x4020f04c                __toread
                0x4020f0a4                __toread_needs_stdio_exit
 *fill*         0x4020f0b3        0x1 
 .irom0.text    0x4020f0b4        0xf c:/tools/sming/Sming/compiler/lib/\libmicroc.a(fmodl.o)
                                 0x13 (size before relaxing)
                0x4020f0b4                fmodl
 *fill*         0x4020f0c3        0x1 
 .irom0.text    0x4020f0c4       0x8f c:/tools/sming/Sming/compiler/lib/\libmicroc.a(scalbn.o)
                0x4020f0c4                scalbn
 *fill*         0x4020f153        0x1 
 .irom0.text    0x4020f154        0xf c:/tools/sming/Sming/compiler/lib/\libmicroc.a(scalbnl.o)
                                 0x13 (size before relaxing)
                0x4020f154                scalbnl
 *fill*         0x4020f163        0x1 
 .irom0.text    0x4020f164        0x5 c:/tools/sming/Sming/compiler/lib/\libmicroc.a(__errno_location.o)
                0x4020f164                __errno_location
 *fill*         0x4020f169        0x3 
 .irom0.text    0x4020f16c      0x1e9 c:/tools/sming/Sming/compiler/lib/\libmicroc.a(fmod.o)
                0x4020f16c                fmod
 *fill*         0x4020f355        0x3 
 .irom0.text    0x4020f358       0xfa c:/Espressif/ESP8266_SDK/lib\libphy.a(phy.o)
                                0x11e (size before relaxing)
                0x4020f35c                rf_init
                0x4020f378                bb_init
                0x4020f390                phy_init
                0x4020f3c0                RFChannelSel
                0x4020f3dc                phy_delete_channel
                0x4020f3f4                phy_enable_agc
                0x4020f40c                phy_disable_agc
                0x4020f424                phy_initialize_bb
                0x4020f43c                phy_set_sense
 *fill*         0x4020f452        0x2 
 .irom0.text    0x4020f454     0x16df c:/Espressif/ESP8266_SDK/lib\libphy.a(phy_chip_v6_ana.o)
                               0x18e3 (size before relaxing)
                0x4020f458                ram_pbus_set_rxgain
                0x4020f530                ram_pbus_debugmode
                0x4020f5e4                ram_pbus_xpd_tx_on
                0x4020f650                set_rf_freq_offset
                0x4020f6c0                chip_v6_rxmax_ext_ana
                0x4020f814                ram_chip_v6_rx_init
                0x4020f848                tsen_meas
                0x4020f8f8                readvdd33
                0x4020fac4                txpwr_offset
                0x4020fb80                set_txcap_reg
                0x4020fc00                ram_ana_inf_gating_en
                0x4020fd60                ram_restart_cal
                0x4020fdcc                wait_rfpll_cal_end
                0x4020fe4c                ram_rfpll_set_freq
                0x4020ff58                ram_set_channel_freq
                0x40210258                chip_60_set_channel
                0x402103e8                chip_v6_set_chan_offset
                0x40210424                chip_v6_set_chan
                0x402104b8                chip_v6_set_chan_wakeup
                0x4021053c                chip_v6_rf_init
                0x40210760                low_power_set
                0x402107b4                test_tout
                0x4021092c                check_data_flag
                0x4021094c                phy_get_check_flag
                0x40210a80                phy_get_vdd33
 *fill*         0x40210b33        0x1 
 .irom0.text    0x40210b34     0x3c1b c:/Espressif/ESP8266_SDK/lib\libphy.a(phy_chip_v6.o)
                               0x4293 (size before relaxing)
                0x40210b34                ram_tx_mac_enable
                0x40210b38                ram_tx_mac_disable
                0x40210b3c                rtc_mem_backup
                0x40210b6c                rtc_mem_recovery
                0x40210b9c                set_cal_rxdc
                0x40210c50                set_rx_gain_cal_iq
                0x40210fa8                gen_rx_gain_table
                0x40211100                pbus_set_rxbbgain
                0x40211180                set_rx_gain_testchip_50
                0x402114b4                ram_get_corr_power
                0x402115a4                check_data_func
                0x402115c4                do_noisefloor_lsleep_v50
                0x402115f8                do_noisefloor
                0x40211668                start_dig_rx
                0x402116ac                stop_dig_rx
                0x402116d8                chip_v6_set_chanfreq
                0x40211704                tx_cap_init
                0x402118b8                target_power_add_backoff
                0x40211908                tx_pwctrl_init_cal
                0x40211a70                tx_atten_set_interp
                0x40211ce0                tx_pwctrl_init
                0x40211dd4                ram_get_noisefloor
                0x40211df0                get_noisefloor_sat
                0x40211e20                ram_set_noise_floor
                0x40211e7c                ram_start_noisefloor
                0x40211ec8                read_hw_noisefloor
                0x40211ef4                noise_check_loop
                0x40212050                noise_init
                0x40212250                target_power_backoff
                0x402122a4                sdt_on_noise_start
                0x40212324                chip_v6_set_chan_rx_cmp
                0x402124b0                chip_v6_set_chan_misc
                0x40212538                phy_dig_spur_set
                0x40212890                phy_dig_spur_prot
                0x40212ac8                chip_v6_rxmax_ext_dig
                0x40212b14                chip_v6_rxmax_ext
                0x40212bc4                phy_bb_rx_cfg
                0x40212fcc                uart_wait_idle
                0x40213004                phy_pbus_soc_cfg
                0x402130c4                phy_gpio_cfg
                0x4021340c                tx_cont_en
                0x402134b0                tx_cont_dis
                0x40213504                tx_cont_cfg
                0x40213524                chip_v6_initialize_bb
                0x4021368c                periodic_cal
                0x4021376c                bbpll_cal
                0x40213804                periodic_cal_top
                0x40213864                register_chipv6_phy_init_param
                0x40213b08                change_bbpll160_sleep
                0x40213c34                change_bbpll160
                0x40213c6c                set_crystal_uart
                0x40213d04                ant_switch_init
                0x40213db0                reduce_current_init
                0x40213e18                rtc_mem_check
                0x40213e54                phy_afterwake_set_rfoption
                0x40213e74                deep_sleep_set_option
                0x40213ea0                write_data_to_rtc
                0x40213ed8                get_data_from_rtc
                0x40213f60                register_chipv6_phy
                0x40214370                set_dpd_bypass
                0x40214398                set_rf_gain_stage10
                0x402143c8                get_vdd33_offset
                0x4021443c                get_phy_target_power
                0x402144f0                set_most_pwr_reg
                0x402145c4                phy_set_most_tpw
                0x402145e4                phy_vdd33_set_tpw
                0x402145fc                get_adc_rand
                0x40214630                phy_get_rand
                0x40214648                phy_tx_pwctrl_cali
                0x40214670                phy_check_data_table
                0x402146ac                phy_after_init_enrx
                0x40214710                phy_set_rx11b_reg
                0x40214744                phy_set_powerup_option
 *fill*         0x4021474f        0x1 
 .irom0.text    0x40214750     0x21ac c:/Espressif/ESP8266_SDK/lib\libphy.a(phy_chip_v6_cal.o)
                               0x23ec (size before relaxing)
                0x40214750                txbbgain2dcoindex
                0x40214770                dcoindex2txbbgain
                0x40214794                init_cal_dcoffset
                0x40214858                set_rfanagain_dc_reg
                0x402148f4                set_txdc_pbus
                0x40214960                get_rf_gain_qdb
                0x40214988                correct_rf_ana_gain
                0x40214a90                get_sar_dout
                0x40214b28                cal_rf_ana_gain
                0x40214c00                meas_tone_pwr_db
                0x40214c70                tx_pwr_backoff
                0x40214dbc                get_fcc_1m2m_pwr_offset
                0x40214df8                ram_set_txbb_atten
                0x40214e8c                txiq_get_mis_pwr
                0x40214f30                txiq_cover
                0x4021514c                ram_rfcal_txiq
                0x402153bc                rc_cal
                0x4021557c                get_target_power_offset
                0x40215684                get_pwctrl_correct
                0x402156e0                tx_pwctrl_cal
                0x40215a70                tx_pwctrl_bg_init
                0x40215ae8                tx_pwctrl_background
                0x40215bc0                read_sar_dout
                0x40215c24                ram_get_fm_sar_dout
                0x40215cc8                ram_cal_tos_v60
                0x40215ea8                ram_get_bb_atten
                0x40215ed8                ram_rfcal_txcap
                0x4021609c                ram_rfcal_pwrctrl
                0x402162b8                ram_rxiq_get_mis
                0x40216488                ram_rxiq_cover_mg_mp
                0x4021662c                ram_rfcal_rxiq
                0x40216838                dpd_scale_set
                0x40216880                dpd_mem_write
 .irom0.text    0x402168fc      0xd7e c:/Espressif/ESP8266_SDK/lib\libphy.a(phy_sleep.o)
                                0xfaa (size before relaxing)
                0x402168fc                pm_usec2rtc
                0x40216930                pm_rtc2usec
                0x40216940                pm_set_sleep_cycles
                0x40216968                pm_sleep_opt
                0x40216a80                pm_wakeup_opt
                0x40216ab8                get_chip_version
                0x40216af8                pm_sleep_opt_bb_off
                0x40216b38                pm_sleep_opt_bb_on
                0x40216b84                pm_set_pll_xtal_wait_time
                0x40216bcc                pm_prepare_to_sleep
                0x40216bf0                pm_sdio_nidle
                0x40216c64                chg_lslp_mem_opt_8266
                0x40216c94                pm_goto_sleep
                0x40216de0                pm_wait4wakeup
                0x40216e1c                pm_open_rf
                0x40216e5c                pm_sleep_set_mac
                0x40216ee0                pm_set_wakeup_mac
                0x40216f7c                pm_check_mac_idle
                0x40216fd4                pm_set_sleep_btco
                0x40217074                pm_set_wakeup_btco
                0x4021718c                pm_set_sleep_mode
                0x402172a8                pm_unmask_bt
                0x40217310                pm_wakeup_init
                0x40217520                sleep_opt_8266
                0x40217540                sleep_opt_bb_on_8266
                0x40217578                sleep_reset_analog_rtcreg_8266
 *fill*         0x4021767a        0x2 
 .irom0.text    0x4021767c      0x469 c:/Espressif/ESP8266_SDK/lib\libpp.a(if_hwctrl.o)
                                0x581 (size before relaxing)
                0x4021769c                ic_get_addr
                0x402176a8                ic_set_opmode
                0x402176bc                ic_enable_interface
                0x4021770c                ic_interface_enabled
                0x40217720                ic_disable_interface
                0x40217768                ic_is_pure_sta
                0x40217784                ic_get_ptk_alg
                0x40217794                ic_get_gtk_alg
                0x402177a4                ic_set_ptk_alg
                0x402177b4                ic_set_gtk_alg
                0x402177c4                ic_interface_is_p2p
                0x4021785c                ic_set_vif
                0x4021791c                ic_set_sta
                0x402179f4                ic_bss_info_update
                0x40217a50                ic_set_key
                0x40217aac                ic_remove_key
                0x40217ac0                ic_get_rssi
 *fill*         0x40217ae5        0x3 
 .irom0.text    0x40217ae8      0x100 c:/Espressif/ESP8266_SDK/lib\libpp.a(lmac.o)
                                0x118 (size before relaxing)
                0x40217aec                lmacInitAc
                0x40217b20                lmacInit
                0x40217bcc                lmacSetRetryLimit
 .irom0.text    0x40217be8     0x1855 c:/Espressif/ESP8266_SDK/lib\libpp.a(pm.o)
                               0x1d41 (size before relaxing)
                0x40217bf0                pm_rtc_clock_cali_proc
                0x40217c28                pm_get_ck170_period
                0x40217c4c                pm_set_sleep_time
                0x40217fb0                pm_rf_is_closed
                0x40217fe0                pm_set_sleep_type_from_upper
                0x402180d0                pm_get_sleep_type
                0x40218254                uart_tx_flush
                0x40218258                pm_suspend
                0x40218478                pm_shutdown
                0x40218540                pm_reset_idle_sleep
                0x40218580                pm_idle_sleep
                0x4021858c                pm_open
                0x40218650                pm_onBcnRx
                0x402189b8                StopLightSleepSetFunc
                0x402189c0                LightSleepWakedCbSetFunc
                0x40218ebc                pm_enable_gpio_wakeup
                0x40218ef4                pm_attach
                0x40218fe8                pm_send_nullfunc
                0x40219174                pm_is_waked
                0x4021918c                pm_is_open
                0x402191a4                pm_scan_lock
                0x402191cc                pm_try_scan_unlock
                0x402191e4                pm_force_scan_unlock
                0x40219260                pm_scan_unlocked
                0x40219274                pm_allow_tx
                0x40219290                pm_assoc_parse
                0x402192a8                pm_set_addr
                0x402192c8                pm_sleep_for
                0x402192f8                pm_post
                0x402193fc                pm_get_idle_wait_time
 *fill*         0x4021943d        0x3 
 .irom0.text    0x40219440      0xa91 c:/Espressif/ESP8266_SDK/lib\libpp.a(pm_for_bcn_only_mode.o)
                                0xe21 (size before relaxing)
                0x40219454                wifi_fpm_set_sleep_type
                0x40219454                fpm_set_type_from_upper
                0x40219510                fpm_get_slp_type
                0x40219510                wifi_fpm_get_sleep_type
                0x40219518                fpm_rf_is_closed
                0x4021952c                fpm_is_open
                0x40219538                fpm_allow_tx
                0x4021955c                fpm_close
                0x4021955c                wifi_fpm_close
                0x402195d8                fpm_open
                0x402195d8                wifi_fpm_open
                0x40219640                fpm_attach
                0x40219824                fpm_set_wakeup_cb
                0x40219824                wifi_fpm_set_wakeup_cb
                0x40219994                fpm_do_wakeup
                0x40219994                wifi_fpm_do_wakeup
                0x40219e58                fpm_do_sleep
                0x40219e58                wifi_fpm_do_sleep
 *fill*         0x40219ed1        0x3 
 .irom0.text    0x40219ed4     0x15b6 c:/Espressif/ESP8266_SDK/lib\libpp.a(pp.o)
                               0x1996 (size before relaxing)
                0x40219ee0                PPWdtReset
                0x40219f14                pp_soft_wdt_init
                0x40219f34                system_soft_wdt_feed
                0x40219f34                pp_soft_wdt_feed
                0x40219f50                system_soft_wdt_stop
                0x40219f50                pp_soft_wdt_stop
                0x40219f7c                system_soft_wdt_restart
                0x40219f7c                pp_soft_wdt_restart
                0x40219fb4                RxNodeNum
                0x40219fcc                TxNodeNum
                0x40219ff0                pp_disable_noise_timer
                0x4021a010                pp_enable_noise_timer
                0x4021a120                pp_noise_test
                0x4021a130                reset_noise_timer
                0x4021a168                pp_disable_idle_timer
                0x4021a18c                pp_enable_idle_timer
                0x4021a1b4                pp_try_enable_idle_timer
                0x4021a1f0                ppPeocessRxPktHdr
                0x4021a538                HdlAllBuffedEb
                0x4021a5c0                ppTxPkt
                0x4021a728                ppProcessWaitQ
                0x4021a738                ppRegisterTxCallback
                0x4021a760                ppUnregisterTxCallback
                0x4021a794                ppRecycleRxPkt
                0x4021a7f4                ppCheckTxIdle
                0x4021aa6c                pp_tx_idle_timeout
                0x4021ac28                DefFreqCalTimerCB
                0x4021afa8                ppGetTxQFirstAvail_Locked
                0x4021b088                pp_attach
 *fill*         0x4021b48a        0x2 
 .irom0.text    0x4021b48c      0x296 c:/Espressif/ESP8266_SDK/lib\libpp.a(rate_control.o)
                                0x2a2 (size before relaxing)
                0x4021b6d8                RC_SetBasicRate
 *fill*         0x4021b722        0x2 
 .irom0.text    0x4021b724      0x5e9 c:/Espressif/ESP8266_SDK/lib\libpp.a(trc.o)
                                0x64d (size before relaxing)
                0x4021b724                phytype2mode
                0x4021b740                rc_set_rate_limit_id
                0x4021b85c                rcUpdatePhyMode
                0x4021ba28                rcAttach
                0x4021ba74                rcGetTrc
                0x4021ba7c                trc_onDisconnect
                0x4021ba80                trc_onScanStart
                0x4021ba94                trc_onScanDone
                0x4021bab0                rc_enable_trc
                0x4021bb88                rc_get_mask
                0x4021bb9c                rc_disable_trc
                0x4021bbf0                rc_disable_trc_by_interface
                0x4021bc0c                rc_get_sta_trc
                0x4021bc50                rc_get_trc
                0x4021bcc0                rc_get_trc_by_index
                0x4021bce0                rc_only_sta_trc
 *fill*         0x4021bd0d        0x3 
 .irom0.text    0x4021bd10      0xaf7 c:/Espressif/ESP8266_SDK/lib\libpp.a(wdev.o)
                                0xc53 (size before relaxing)
                0x4021bd1c                wDev_Option_Init
                0x4021be10                wDev_Enable_Beacon_Tsf
                0x4021be2c                wDev_Disable_Beacon_Tsf
                0x4021be48                wDev_Set_Beacon_Int
                0x4021be50                wDev_Reset_TBTT
                0x4021be80                wDev_Get_Next_TBTT
                0x4021c0fc                wDev_Initialize
                0x4021c16c                wDevForceAck6M
                0x4021c188                wDev_SetMacAddress
                0x4021c224                wDev_SetRxPolicy
                0x4021c278                wDev_SetBssid
                0x4021c350                wDev_ClearBssid
                0x4021c388                wDev_Insert_KeyEntry
                0x4021c47c                wDev_remove_KeyEntry
                0x4021c4b8                wDev_remove_KeyEntry_all_cnx
                0x4021c508                wDev_Crypto_Conf
                0x4021c5a4                wDev_Crypto_Disable
                0x4021c5dc                wDevEnableRx
                0x4021c604                wdev_go_sniffer
                0x4021c6e0                wdev_set_sniffer_addr
                0x4021c738                wdev_exit_sniffer
 *fill*         0x4021c807        0x1 
 .irom0.text    0x4021c808      0x3e6 c:/Espressif/ESP8266_SDK/lib\libpp.a(esf_buf.o)
                                0x4b2 (size before relaxing)
                0x4021c810                esf_buf_alloc
                0x4021c9f4                esf_buf_recycle
                0x4021cb34                esf_buf_setup
 *fill*         0x4021cbee        0x2 
 .irom0.text    0x4021cbf0      0x475 c:/Espressif/ESP8266_SDK/lib\libnet80211.a(ieee80211.o)
                                0x545 (size before relaxing)
                0x4021cc74                ieee80211_rate_ref_init
                0x4021cc88                ieee80211_freedom_inside_cb
                0x4021ccb8                ieee80211_freedom_init
                0x4021ccdc                ieee80211_user_ie_init
                0x4021ccf8                ieee80211_ifattach
                0x4021cd5c                ieee80211_mhz2ieee
                0x4021cdb8                ieee80211_chan2ieee
                0x4021cdd4                ieee80211_ieee2mhz
                0x4021ce14                ieee80211_find_channel
                0x4021ce40                ieee80211_find_channel_byieee
                0x4021ce90                wifi_mode_set
 *fill*         0x4021d065        0x3 
 .irom0.text    0x4021d068       0xcf c:/Espressif/ESP8266_SDK/lib\libnet80211.a(ieee80211_crypto.o)
                                 0xd7 (size before relaxing)
                0x4021d068                ieee80211_crypto_attach
                0x4021d06c                ieee80211_crypto_available
                0x4021d070                ieee80211_crypto_setkey
                0x4021d074                ieee80211_crypto_encap
                0x4021d0cc                ieee80211_crypto_decap
 *fill*         0x4021d137        0x1 
 .irom0.text    0x4021d138       0x4c c:/Espressif/ESP8266_SDK/lib\libnet80211.a(ieee80211_ets.o)
                                 0x50 (size before relaxing)
                0x4021d13c                ieee80211_getmgtframe
 .irom0.text    0x4021d184     0x1a08 c:/Espressif/ESP8266_SDK/lib\libnet80211.a(ieee80211_hostap.o)
                               0x1f77 (size before relaxing)
                0x4021d7a8                ieee80211_hostap_attach
                0x4021d8a4                hostap_handle_timer
                0x4021d93c                hostap_input
                0x4021e888                wifi_softap_start
                0x4021e9f4                wifi_softap_stop
 *fill*         0x4021eb8c        0x0 
 .irom0.text    0x4021eb8c      0xa82 c:/Espressif/ESP8266_SDK/lib\libnet80211.a(ieee80211_ht.o)
                                0xb4e (size before relaxing)
                0x4021eb9c                ieee80211_ht_attach
                0x4021ebf0                ieee80211_ht_node_init
                0x4021ec30                ieee80211_ht_node_cleanup
                0x4021ec68                ieee80211_parse_htcap
                0x4021ed4c                ieee80211_ht_updateparams
                0x4021ee60                ieee80211_setup_htrates
                0x4021ef2c                ieee80211_setup_basic_htrates
                0x4021f278                ieee80211_add_htcap
                0x4021f294                ieee80211_add_htcap_vendor
                0x4021f3b8                ieee80211_add_htinfo
                0x4021f3d4                ieee80211_add_htinfo_vendor
 *fill*         0x4021f60e        0x2 
 .irom0.text    0x4021f610      0xa8c c:/Espressif/ESP8266_SDK/lib\libnet80211.a(ieee80211_input.o)
                                0xb1c (size before relaxing)
                0x4021f610                ieee80211_deliver_data
                0x4021f664                ieee80211_decap
                0x4021f768                ieee80211_setup_rates
                0x4021f7d8                ieee80211_alloc_challenge
                0x4021f814                ieee80211_parse_beacon
                0x4021fde8                ieee80211_parse_wpa
                0x4021fefc                ieee80211_parse_rsn
                0x4021fffc                ieee80211_parse_action
                0x40220098                ieee80211_setup_rateset
 .irom0.text    0x4022009c      0x2a6 c:/Espressif/ESP8266_SDK/lib\libnet80211.a(ieee80211_mesh_quick.o)
                                0x302 (size before relaxing)
                0x402200a8                ieee80211_mesh_quick_init
                0x40220118                ieee80211_mesh_quick_deinit
                0x40220148                ieee80211_mesh_quick_set
                0x40220244                ieee80211_mesh_quick_get
                0x40220310                ieee80211_mesh_quick_ie_add
 *fill*         0x40220342        0x2 
 .irom0.text    0x40220344     0x1c56 c:/Espressif/ESP8266_SDK/lib\libnet80211.a(ieee80211_output.o)
                               0x1ff2 (size before relaxing)
                0x40220348                ieee80211_output_pbuf
                0x402205bc                ieee80211_send_setup
                0x402206f0                ieee80211_mgmt_output
                0x402207d4                ieee80211_tx_mgt_cb
                0x402207d8                ieee80211_send_nulldata
                0x40220c48                ieee80211_add_rates
                0x40220c98                ieee80211_add_xrates
                0x40220d68                ieee80211_send_probereq
                0x40220f7c                ieee80211_getcapinfo
                0x40220fd8                ieee80211_send_mgmt
                0x40221578                ieee80211_alloc_proberesp
                0x40221750                ieee80211_send_proberesp
                0x4022189c                ieee80211_alloc_deauth
                0x402218dc                ieee80211_send_deauth
                0x40221a18                ieee80211_freedom_output
                0x40221e04                ieee80211_beacon_alloc
 *fill*         0x40221f9a        0x2 
 .irom0.text    0x40221f9c       0xe0 c:/Espressif/ESP8266_SDK/lib\libnet80211.a(ieee80211_phy.o)
                                0x108 (size before relaxing)
                0x40221f9c                ieee80211_phy_init
                0x40221fd0                ieee80211_phy_type_get
                0x40221fec                ieee80211_setup_ratetable
 .irom0.text    0x4022207c      0x1b6 c:/Espressif/ESP8266_SDK/lib\libnet80211.a(ieee80211_power.o)
                                0x1f2 (size before relaxing)
                0x4022207c                ieee80211_psq_init
                0x4022209c                ieee80211_psq_cleanup
                0x402220a4                ieee80211_set_tim
                0x402220e4                ieee80211_pwrsave
                0x4022214c                pwrsave_flushq
                0x402221fc                ieee80211_node_pwrsave
 *fill*         0x40222232        0x2 
 .irom0.text    0x40222234      0x101 c:/Espressif/ESP8266_SDK/lib\libnet80211.a(ieee80211_proto.o)
                                0x129 (size before relaxing)
                0x40222238                ieee80211_proto_attach
                0x40222260                ieee80211_set_shortslottime
                0x4022227c                ieee80211_iserp_rateset
                0x402222b0                ieee80211_wme_initparams
                0x402222b4                ieee80211_wme_updateparams
                0x402222bc                ieee80211_mlme_connect_bss
 *fill*         0x40222335        0x3 
 .irom0.text    0x40222338       0xaa c:/Espressif/ESP8266_SDK/lib\libnet80211.a(ieee80211_rfid.o)
                                 0xd6 (size before relaxing)
                0x40222338                ieee80211_rfid_locp_recv_open
                0x40222370                ieee80211_rfid_locp_recv_close
                0x40222388                ieee80211_rfid_locp_recv_reset
                0x402223a8                ieee80211_rfid_locp_recv
                0x402223c4                register_ieee80211_rfid_locp_recv_cb
                0x402223d8                unregister_ieee80211_rfid_locp_recv_cb
 *fill*         0x402223e2        0x2 
 .irom0.text    0x402223e4      0xf50 c:/Espressif/ESP8266_SDK/lib\libnet80211.a(ieee80211_scan.o)
                               0x1284 (size before relaxing)
                0x402223f0                ieee80211_scan_attach
                0x40222484                scan_start
                0x40222648                scan_pm_channel_op_cb
                0x402227e8                scan_cancel
                0x40222944                scan_add_bssid
                0x40222968                scan_remove_bssid
                0x40222974                scan_hidden_ssid
                0x4022297c                scan_add_probe_ssid
                0x402229d0                scan_remove_probe_ssid
                0x40222b0c                scan_clear_channles
                0x40222b80                scan_set_desChan
                0x40222b8c                scan_get_type
                0x40222b94                cannel_scan_connect_state
                0x40222bac                scan_connect_state
                0x40222bf4                scan_check_hidden
                0x40222c20                scan_profile_check
                0x40222fc8                scan_parse_beacon
 .irom0.text    0x40223334     0x104e c:/Espressif/ESP8266_SDK/lib\libnet80211.a(ieee80211_sta.o)
                               0x12dd (size before relaxing)
                0x40223390                sta_status_set
                0x402233fc                ieee80211_sta_new_state
                0x40223774                sta_input
                0x40223cc0                ieee80211_parse_wmeparams
                0x402242d8                wifi_station_start
                0x40224348                wifi_station_stop
 *fill*         0x40224382        0x2 
 .irom0.text    0x40224384      0x29e c:/Espressif/ESP8266_SDK/lib\libnet80211.a(wl_chm.o)
                                0x31e (size before relaxing)
                0x40224390                chm_init
                0x402243f4                chm_acquire_lock
                0x40224438                chm_release_lock
                0x4022444c                chm_start_op
                0x402244f0                chm_end_op
                0x40224538                chm_cancel_op
                0x4022456c                chm_return_home_channel
                0x4022459c                chm_set_current_channel
                0x402245cc                chm_freq2index
                0x402245f4                chm_check_same_channel
 *fill*         0x40224622        0x2 
 .irom0.text    0x40224624     0x1791 c:/Espressif/ESP8266_SDK/lib\libnet80211.a(wl_cnx.o)
                               0x1cfd (size before relaxing)
                0x40224630                cnx_attach
                0x40224670                cnx_sta_connect_led_timer_cb
                0x402246c4                cnx_sta_connect_cmd
                0x40224780                cnx_sta_scan_cmd
                0x402249dc                cnx_connect_timeout
                0x40224a58                cnx_auth_timeout
                0x40224a7c                cnx_assoc_timeout
                0x40224aa0                cnx_handshake_timeout
                0x40224ae0                cnx_start_handoff_cb
                0x40224f40                cnx_bss_alloc
                0x40224fe0                cnx_rc_search
                0x40225060                cnx_add_rc
                0x402250cc                cnx_remove_all_rc
                0x40225118                cnx_remove_rc
                0x402251e8                cnx_rc_update_rssi
                0x40225270                cnx_rc_update_state_metric
                0x402252dc                cnx_rc_update_age
                0x40225300                cnx_update_bss
                0x40225334                cnx_update_bss_more
                0x40225510                cnx_sta_leave
                0x402257a4                cnx_sta_associated
                0x402258ac                cnx_node_alloc
                0x40225920                cnx_node_remove
                0x402259ac                cnx_node_search
                0x40225a28                cnx_node_leave
                0x40225b28                wifi_softap_staconnected_event_policy
                0x40225b50                wifi_softap_toomany_deny
                0x40225b88                cnx_node_join
 *fill*         0x40225db5        0x3 
 .irom0.text    0x40225db8      0x16f c:/Espressif/ESP8266_SDK/lib\libnet80211.a(ieee80211_action.o)
                                0x193 (size before relaxing)
                0x40225dc8                ieee80211_send_action_register
                0x40225dfc                ieee80211_send_action_unregister
                0x40225e10                ieee80211_send_action
                0x40225e7c                ieee80211_recv_action_register
                0x40225eb0                ieee80211_recv_action_unregister
                0x40225ec4                ieee80211_recv_action
 *fill*         0x40225f27        0x1 
 .irom0.text    0x40225f28      0x479 c:/Espressif/ESP8266_SDK/lib\libnet80211.a(ieee80211_action_vendor.o)
                                0x505 (size before relaxing)
                0x40225f2c                get_iav_key
                0x40225f4c                register_ieee80211_action_vendor_get_key_cb
                0x40225f60                unregister_ieee80211_action_vendor_get_key_cb
                0x40225f74                ieee80211_add_action_vendor_spec_esp
                0x40225fbc                ieee80211_alloc_action_vendor_spec
                0x402260a8                ieee80211_send_action_vendor_spec
                0x4022623c                ieee80211_recv_action_vendor_spec